// Vitest Snapshot v1, https://vitest.dev/guide/snapshot.html

exports[`Typography validation > Snapshot FontFamily 1`] = `
{
  "monospace": ""Roboto Mono", "SFMono-Regular", Consolas, "Liberation Mono", Menlo, monospace",
  "primary": ""Roboto", -apple-system, BlinkMacSystemFont, "Segoe UI", Arial, sans-serif",
}
`;

exports[`Typography validation > Snapshot FontSize 1`] = `
{
  "extraExtraExtraLarge": "3.2rem",
  "extraExtraLarge": "2.4rem",
  "extraLarge": "2rem",
  "extraSmall": "1.2rem",
  "large": "1.8rem",
  "medium": "1.6rem",
  "small": "1.4rem",
}
`;

exports[`Typography validation > Snapshot FontWeight 1`] = `
{
  "bold": 700,
  "medium": 500,
  "regular": 400,
}
`;

exports[`Typography validation > Snapshot LineHeight 1`] = `
{
  "caption": 1.28571,
  "compact": 1.2,
  "mono": 1.42857,
  "snug": 1.33333,
  "text": 1.5,
  "tight": 1.25,
}
`;

exports[`Typography validation > Snapshot Typography 1`] = `
{
  "Body": {
    "extraSmall": {
      "medium": {
        "fontFamily": "primary",
        "fontSize": "1.2rem",
        "fontWeight": 500,
        "lineHeight": 1.5,
      },
      "regular": {
        "fontFamily": "primary",
        "fontSize": "1.2rem",
        "fontWeight": 400,
        "lineHeight": 1.5,
      },
    },
    "medium": {
      "bold": {
        "fontFamily": "primary",
        "fontSize": "1.6rem",
        "fontWeight": 700,
        "lineHeight": 1.5,
      },
      "medium": {
        "fontFamily": "primary",
        "fontSize": "1.6rem",
        "fontWeight": 500,
        "lineHeight": 1.5,
      },
      "regular": {
        "fontFamily": "primary",
        "fontSize": "1.6rem",
        "fontWeight": 400,
        "lineHeight": 1.5,
      },
    },
    "small": {
      "bold": {
        "fontFamily": "primary",
        "fontSize": "1.4rem",
        "fontWeight": 700,
        "lineHeight": 1.28571,
      },
      "medium": {
        "fontFamily": "primary",
        "fontSize": "1.4rem",
        "fontWeight": 500,
        "lineHeight": 1.28571,
      },
      "regular": {
        "fontFamily": "primary",
        "fontSize": "1.4rem",
        "fontWeight": 400,
        "lineHeight": 1.28571,
      },
    },
  },
  "Code": {
    "regular": {
      "fontFamily": "monospace",
      "fontSize": "1.4rem",
      "fontWeight": 400,
      "lineHeight": 1.42857,
    },
  },
  "H1": {
    "medium": {
      "fontFamily": "primary",
      "fontSize": "3.2rem",
      "fontWeight": 500,
      "lineHeight": 1.25,
    },
  },
  "H2": {
    "medium": {
      "fontFamily": "primary",
      "fontSize": "2.4rem",
      "fontWeight": 500,
      "lineHeight": 1.25,
    },
  },
  "H3": {
    "medium": {
      "fontFamily": "primary",
      "fontSize": "2rem",
      "fontWeight": 500,
      "lineHeight": 1.2,
    },
    "regular": {
      "fontFamily": "primary",
      "fontSize": "2rem",
      "fontWeight": 400,
      "lineHeight": 1.2,
    },
  },
  "H4": {
    "medium": {
      "fontFamily": "primary",
      "fontSize": "1.8rem",
      "fontWeight": 500,
      "lineHeight": 1.33333,
    },
    "regular": {
      "fontFamily": "primary",
      "fontSize": "1.8rem",
      "fontWeight": 400,
      "lineHeight": 1.33333,
    },
  },
  "H5": {
    "bold": {
      "fontFamily": "primary",
      "fontSize": "1.6rem",
      "fontWeight": 700,
      "lineHeight": 1.5,
    },
    "medium": {
      "fontFamily": "primary",
      "fontSize": "1.6rem",
      "fontWeight": 500,
      "lineHeight": 1.5,
    },
    "regular": {
      "fontFamily": "primary",
      "fontSize": "1.6rem",
      "fontWeight": 400,
      "lineHeight": 1.5,
    },
  },
}
`;
